{"synthetic": false,
 "schemaVersion": "2025-09-10",
 "outputs":
 {"o": ["4d081be6d35f25a0.olean"],
  "m": false,
  "i": "48fa7fafee61c28f.ilean",
  "c": "809d16c5dfa27d13.c"},
 "log":
 [{"message":
   ".> LEAN_PATH=D:\\carrier-ASG\\lanes\\wcy2-audit\\release_p1\\repo\\lean\\demorgan3\\.lake\\build\\lib\\lean c:\\Users\\ycmat\\.elan\\toolchains\\leanprover--lean4---v4.31.0\\bin\\lean.exe D:\\carrier-ASG\\lanes\\wcy2-audit\\release_p1\\repo\\lean\\demorgan3\\Demorgan3\\Basic.lean -o D:\\carrier-ASG\\lanes\\wcy2-audit\\release_p1\\repo\\lean\\demorgan3\\.lake\\build\\lib\\lean\\Demorgan3\\Basic.olean -i D:\\carrier-ASG\\lanes\\wcy2-audit\\release_p1\\repo\\lean\\demorgan3\\.lake\\build\\lib\\lean\\Demorgan3\\Basic.ilean -c D:\\carrier-ASG\\lanes\\wcy2-audit\\release_p1\\repo\\lean\\demorgan3\\.lake\\build\\ir\\Demorgan3\\Basic.c --setup D:\\carrier-ASG\\lanes\\wcy2-audit\\release_p1\\repo\\lean\\demorgan3\\.lake\\build\\ir\\Demorgan3\\Basic.setup.json --json",
   "level": "trace"}],
 "inputs":
 [["Demorgan3.Basic:deps",
   [["deps",
     [["Demorgan3/Demorgan3:extraDep",
       [["@Demorgan3:extraDep", "00000000000006bb"]]],
      ["imports", "00000000000006bb"]]],
    ["libs",
     [["import dynlibs", "00000000000006bb"],
      ["package external libraries", "00000000000006bb"],
      ["module dynlibs", "00000000000006bb"],
      ["module plugins", "00000000000006bb"]]]]],
  ["Lean 4.31.0, commit 68218e876d2a38b1985b8590fff244a83c321783",
   "fc45ac412f28501c"],
  ["D:\\carrier-ASG\\lanes\\wcy2-audit\\release_p1\\repo\\lean\\demorgan3\\Demorgan3\\Basic.lean",
   "63595aeb7ca9535a"],
  ["options", "00000000000006bb"],
  ["isModule: false", "feefd2a0d3a1847e"],
  ["Module.name: Demorgan3.Basic", "7a8347fcc6e4235b"],
  ["Package.id?: (some Demorgan3)", "2ea52e21adb9a73c"],
  ["Module.leanArgs: #[]", "00000000000006bb"]],
 "depHash": "4b7cc356f4e1406e"}