{"synthetic": false,
 "schemaVersion": "2025-09-10",
 "outputs":
 {"o": ["5dfe788bc4692f53.olean"],
  "m": false,
  "i": "7824f3b3325709c6.ilean",
  "c": "4debf72d981884be.c"},
 "log":
 [{"message":
   ".> LEAN_PATH=D:\\carrier-ASG\\lanes\\wcy2-audit\\release_p1\\repo\\lean\\demorgan3\\.lake\\build\\lib\\lean c:\\Users\\ycmat\\.elan\\toolchains\\leanprover--lean4---v4.31.0\\bin\\lean.exe D:\\carrier-ASG\\lanes\\wcy2-audit\\release_p1\\repo\\lean\\demorgan3\\Demorgan3\\Collapse.lean -o D:\\carrier-ASG\\lanes\\wcy2-audit\\release_p1\\repo\\lean\\demorgan3\\.lake\\build\\lib\\lean\\Demorgan3\\Collapse.olean -i D:\\carrier-ASG\\lanes\\wcy2-audit\\release_p1\\repo\\lean\\demorgan3\\.lake\\build\\lib\\lean\\Demorgan3\\Collapse.ilean -c D:\\carrier-ASG\\lanes\\wcy2-audit\\release_p1\\repo\\lean\\demorgan3\\.lake\\build\\ir\\Demorgan3\\Collapse.c --setup D:\\carrier-ASG\\lanes\\wcy2-audit\\release_p1\\repo\\lean\\demorgan3\\.lake\\build\\ir\\Demorgan3\\Collapse.setup.json --json",
   "level": "trace"}],
 "inputs":
 [["Demorgan3.Collapse:deps",
   [["deps",
     [["Demorgan3/Demorgan3:extraDep",
       [["@Demorgan3:extraDep", "00000000000006bb"]]],
      ["imports",
       [["Demorgan3.Basic transitive imports (legacy)", "00000000000006bb"],
        ["Demorgan3.Basic:importAllArts", "01aa9b906fd4b27b"]]]]],
    ["libs",
     [["import dynlibs", "00000000000006bb"],
      ["package external libraries", "00000000000006bb"],
      ["module dynlibs", "00000000000006bb"],
      ["module plugins", "00000000000006bb"]]]]],
  ["Lean 4.31.0, commit 68218e876d2a38b1985b8590fff244a83c321783",
   "fc45ac412f28501c"],
  ["D:\\carrier-ASG\\lanes\\wcy2-audit\\release_p1\\repo\\lean\\demorgan3\\Demorgan3\\Collapse.lean",
   "1bf42408391d63df"],
  ["options", "00000000000006bb"],
  ["isModule: false", "feefd2a0d3a1847e"],
  ["Module.name: Demorgan3.Collapse", "a2c79836297672e4"],
  ["Package.id?: (some Demorgan3)", "2ea52e21adb9a73c"],
  ["Module.leanArgs: #[]", "00000000000006bb"]],
 "depHash": "24ec419f799b1af9"}