{"synthetic": false,
 "schemaVersion": "2025-09-10",
 "outputs":
 {"o": ["3ffbf7c3aa096037.olean"],
  "m": false,
  "i": "9122cfb2f9d23bb9.ilean",
  "c": "6610b94ce9ad70fe.c"},
 "log":
 [{"message":
   ".> LEAN_PATH=D:\\carrier-ASG\\lanes\\wcy2-audit\\release_p1\\repo\\lean\\demorgan3\\.lake\\build\\lib\\lean c:\\Users\\ycmat\\.elan\\toolchains\\leanprover--lean4---v4.31.0\\bin\\lean.exe D:\\carrier-ASG\\lanes\\wcy2-audit\\release_p1\\repo\\lean\\demorgan3\\Demorgan3\\NotCocycle.lean -o D:\\carrier-ASG\\lanes\\wcy2-audit\\release_p1\\repo\\lean\\demorgan3\\.lake\\build\\lib\\lean\\Demorgan3\\NotCocycle.olean -i D:\\carrier-ASG\\lanes\\wcy2-audit\\release_p1\\repo\\lean\\demorgan3\\.lake\\build\\lib\\lean\\Demorgan3\\NotCocycle.ilean -c D:\\carrier-ASG\\lanes\\wcy2-audit\\release_p1\\repo\\lean\\demorgan3\\.lake\\build\\ir\\Demorgan3\\NotCocycle.c --setup D:\\carrier-ASG\\lanes\\wcy2-audit\\release_p1\\repo\\lean\\demorgan3\\.lake\\build\\ir\\Demorgan3\\NotCocycle.setup.json --json",
   "level": "trace"}],
 "inputs":
 [["Demorgan3.NotCocycle:deps",
   [["deps",
     [["Demorgan3/Demorgan3:extraDep",
       [["@Demorgan3:extraDep", "00000000000006bb"]]],
      ["imports",
       [["Demorgan3.Basic transitive imports (legacy)", "00000000000006bb"],
        ["Demorgan3.Basic:importAllArts", "01aa9b906fd4b27b"]]]]],
    ["libs",
     [["import dynlibs", "00000000000006bb"],
      ["package external libraries", "00000000000006bb"],
      ["module dynlibs", "00000000000006bb"],
      ["module plugins", "00000000000006bb"]]]]],
  ["Lean 4.31.0, commit 68218e876d2a38b1985b8590fff244a83c321783",
   "fc45ac412f28501c"],
  ["D:\\carrier-ASG\\lanes\\wcy2-audit\\release_p1\\repo\\lean\\demorgan3\\Demorgan3\\NotCocycle.lean",
   "bc12a98763e967e1"],
  ["options", "00000000000006bb"],
  ["isModule: false", "feefd2a0d3a1847e"],
  ["Module.name: Demorgan3.NotCocycle", "ccc8d1a61b3a7ffb"],
  ["Package.id?: (some Demorgan3)", "2ea52e21adb9a73c"],
  ["Module.leanArgs: #[]", "00000000000006bb"]],
 "depHash": "5bdad2f2e4a8d41c"}