{"synthetic": false,
 "schemaVersion": "2025-09-10",
 "outputs":
 {"o": ["55a850188a1d40c1.olean"],
  "m": false,
  "i": "abdd7aff1a1cd20b.ilean",
  "c": "b21386dd3e5d08b9.c"},
 "log":
 [{"message":
   ".> LEAN_PATH=D:\\carrier-ASG\\lanes\\wcy2-audit\\release_p1\\repo\\lean\\demorgan3\\.lake\\build\\lib\\lean c:\\Users\\ycmat\\.elan\\toolchains\\leanprover--lean4---v4.31.0\\bin\\lean.exe D:\\carrier-ASG\\lanes\\wcy2-audit\\release_p1\\repo\\lean\\demorgan3\\Demorgan3\\OrderComplex.lean -o D:\\carrier-ASG\\lanes\\wcy2-audit\\release_p1\\repo\\lean\\demorgan3\\.lake\\build\\lib\\lean\\Demorgan3\\OrderComplex.olean -i D:\\carrier-ASG\\lanes\\wcy2-audit\\release_p1\\repo\\lean\\demorgan3\\.lake\\build\\lib\\lean\\Demorgan3\\OrderComplex.ilean -c D:\\carrier-ASG\\lanes\\wcy2-audit\\release_p1\\repo\\lean\\demorgan3\\.lake\\build\\ir\\Demorgan3\\OrderComplex.c --setup D:\\carrier-ASG\\lanes\\wcy2-audit\\release_p1\\repo\\lean\\demorgan3\\.lake\\build\\ir\\Demorgan3\\OrderComplex.setup.json --json",
   "level": "trace"}],
 "inputs":
 [["Demorgan3.OrderComplex:deps",
   [["deps",
     [["Demorgan3/Demorgan3:extraDep",
       [["@Demorgan3:extraDep", "00000000000006bb"]]],
      ["imports",
       [["Demorgan3.Basic transitive imports (legacy)", "00000000000006bb"],
        ["Demorgan3.Basic:importAllArts", "01aa9b906fd4b27b"]]]]],
    ["libs",
     [["import dynlibs", "00000000000006bb"],
      ["package external libraries", "00000000000006bb"],
      ["module dynlibs", "00000000000006bb"],
      ["module plugins", "00000000000006bb"]]]]],
  ["Lean 4.31.0, commit 68218e876d2a38b1985b8590fff244a83c321783",
   "fc45ac412f28501c"],
  ["D:\\carrier-ASG\\lanes\\wcy2-audit\\release_p1\\repo\\lean\\demorgan3\\Demorgan3\\OrderComplex.lean",
   "f02b34886b06bd60"],
  ["options", "00000000000006bb"],
  ["isModule: false", "feefd2a0d3a1847e"],
  ["Module.name: Demorgan3.OrderComplex", "0002bb207a2cd775"],
  ["Package.id?: (some Demorgan3)", "2ea52e21adb9a73c"],
  ["Module.leanArgs: #[]", "00000000000006bb"]],
 "depHash": "ea32da97bdf4f38d"}