{"synthetic": false,
 "schemaVersion": "2025-09-10",
 "outputs":
 {"o": ["78c6b1db26e80a62.olean"],
  "m": false,
  "i": "72735d32f18405af.ilean",
  "c": "d451bdc24609f28f.c"},
 "log":
 [{"message":
   ".> LEAN_PATH=D:\\carrier-ASG\\lanes\\wcy2-audit\\release_p1\\repo\\lean\\demorgan3\\.lake\\build\\lib\\lean c:\\Users\\ycmat\\.elan\\toolchains\\leanprover--lean4---v4.31.0\\bin\\lean.exe D:\\carrier-ASG\\lanes\\wcy2-audit\\release_p1\\repo\\lean\\demorgan3\\Demorgan3.lean -o D:\\carrier-ASG\\lanes\\wcy2-audit\\release_p1\\repo\\lean\\demorgan3\\.lake\\build\\lib\\lean\\Demorgan3.olean -i D:\\carrier-ASG\\lanes\\wcy2-audit\\release_p1\\repo\\lean\\demorgan3\\.lake\\build\\lib\\lean\\Demorgan3.ilean -c D:\\carrier-ASG\\lanes\\wcy2-audit\\release_p1\\repo\\lean\\demorgan3\\.lake\\build\\ir\\Demorgan3.c --setup D:\\carrier-ASG\\lanes\\wcy2-audit\\release_p1\\repo\\lean\\demorgan3\\.lake\\build\\ir\\Demorgan3.setup.json --json",
   "level": "trace"}],
 "inputs":
 [["Demorgan3:deps",
   [["deps",
     [["Demorgan3/Demorgan3:extraDep",
       [["@Demorgan3:extraDep", "00000000000006bb"]]],
      ["imports",
       [["Demorgan3.Basic transitive imports (legacy)", "00000000000006bb"],
        ["Demorgan3.Basic:importAllArts", "01aa9b906fd4b27b"],
        ["Demorgan3.Collapse transitive imports (legacy)", "98765973e41b1e5f"],
        ["Demorgan3.Collapse:importAllArts", "324ff52623ef07bf"],
        ["Demorgan3.NotCocycle transitive imports (legacy)",
         "98765973e41b1e5f"],
        ["Demorgan3.NotCocycle:importAllArts", "1e063f88f85a41b6"],
        ["Demorgan3.OrderComplex transitive imports (legacy)",
         "98765973e41b1e5f"],
        ["Demorgan3.OrderComplex:importAllArts", "407fcfd1e7fcf65f"],
        ["Demorgan3.HomV4 transitive imports (legacy)", "98765973e41b1e5f"],
        ["Demorgan3.HomV4:importAllArts", "cd924e423b8bb5fd"]]]]],
    ["libs",
     [["import dynlibs", "00000000000006bb"],
      ["package external libraries", "00000000000006bb"],
      ["module dynlibs", "00000000000006bb"],
      ["module plugins", "00000000000006bb"]]]]],
  ["Lean 4.31.0, commit 68218e876d2a38b1985b8590fff244a83c321783",
   "fc45ac412f28501c"],
  ["D:\\carrier-ASG\\lanes\\wcy2-audit\\release_p1\\repo\\lean\\demorgan3\\Demorgan3.lean",
   "0df29f6543bd8133"],
  ["options", "00000000000006bb"],
  ["isModule: false", "feefd2a0d3a1847e"],
  ["Module.name: Demorgan3", "8e3e36fa8e6e8098"],
  ["Package.id?: (some Demorgan3)", "2ea52e21adb9a73c"],
  ["Module.leanArgs: #[]", "00000000000006bb"]],
 "depHash": "e8b301ab175a2d42"}